[centrodecancerhn.org/index.html]
[backblue.gif]
[fade.gif]
[index.html]
[centrodecancerhn.org/wp-includes/css/dist/block-library/style.mind1c0.css]
[centrodecancerhn.org/feed/index.html]
[centrodecancerhn.org/wp-content/themes/hello-elementor/style.min9b70.css]
[centrodecancerhn.org/wp-content/themes/hello-elementor/theme.min9b70.css]
[centrodecancerhn.org/comments/feed/index.html]
[centrodecancerhn.org/wp-content/themes/hello-elementor/header-footer.min9b70.css]
[centrodecancerhn.org/wp-content/plugins/elementor/assets/lib/eicons/css/elementor-icons.mine127.css]
[centrodecancerhn.org/wp-content/plugins/elementor/assets/css/frontend-legacy.min2f56.css]
[centrodecancerhn.org/wp-content/plugins/elementor/assets/css/frontend.min2f56.css]
[centrodecancerhn.org/wp-content/uploads/elementor/css/post-1930cb17.css]
[centrodecancerhn.org/wp-content/plugins/elementor-pro/assets/css/frontend.min2f56.css]
[centrodecancerhn.org/wp-content/plugins/elementor/assets/lib/font-awesome/css/all.min2f56.css]
[centrodecancerhn.org/wp-content/plugins/elementor/assets/lib/font-awesome/css/v4-shims.min2f56.css]
[centrodecancerhn.org/wp-content/uploads/elementor/css/global5631.css]
[centrodecancerhn.org/wp-content/uploads/elementor/css/post-400d185.css]
[centrodecancerhn.org/wp-content/uploads/elementor/css/post-20555f1a.css]
[centrodecancerhn.org/wp-content/plugins/happy-elementor-addons/assets/fonts/style.min7e2e.css]
[centrodecancerhn.org/wp-content/plugins/elementor/assets/lib/font-awesome/css/font-awesome.min1849.css]
[centrodecancerhn.org/wp-content/uploads/elementor/css/post-2069f6d1.css]
[centrodecancerhn.org/wp-content/plugins/elementor/assets/lib/font-awesome/css/fontawesome.min52d5.css]
[centrodecancerhn.org/wp-content/plugins/elementor/assets/lib/font-awesome/css/solid.min52d5.css]
[centrodecancerhn.org/wp-content/plugins/elementor/assets/lib/font-awesome/css/brands.min52d5.css]
[centrodecancerhn.org/wp-includes/js/jquery/jquery.minf43b.js]
[centrodecancerhn.org/wp-includes/js/jquery/jquery-migrate.min5589.js]
[centrodecancerhn.org/wp-content/plugins/revslider/public/assets/js/rbtools.minf7b3.js]
[centrodecancerhn.org/wp-content/plugins/elementor/assets/lib/font-awesome/js/v4-shims.min2f56.js]
[centrodecancerhn.org/wp-content/plugins/revslider/public/assets/js/rs6.minf7b3.js]
[centrodecancerhn.org/wp-json/index.html]
[centrodecancerhn.org/wp-json/wp/v2/pages/400.json]
[centrodecancerhn.org/xmlrpc0db0.php]
[centrodecancerhn.org/wp-json/oembed/1.0/embed8fa6.json]
[centrodecancerhn.org/wp-json/oembed/1.0/embedd760]
[centrodecancerhn.org/wp-content/uploads/2019/03/cropped-Copia-de-Sin-titulo-4-32x32.png]
[centrodecancerhn.org/wp-content/uploads/2019/03/cropped-Copia-de-Sin-titulo-4-192x192.png]
[centrodecancerhn.org/wp-content/uploads/2019/03/cropped-Copia-de-Sin-titulo-4-180x180.png]
[centrodecancerhn.org/wp-content/uploads/2018/12/CCERClogo1-04.png]
[centrodecancerhn.org/hazte-voluntario/index.html]
[centrodecancerhn.org/relevo-por-la-vida/index.html]
[centrodecancerhn.org/wp-content/plugins/revslider/public/assets/assets/dummy.png]
[centrodecancerhn.org/junta-directiva-ahlcancer/index.html]
[centrodecancerhn.org/acerca-de/index.html]
[centrodecancerhn.org/empresas-que-ayudaron/index.html]
[centrodecancerhn.org/wp-content/uploads/2020/03/2-02-scaled.jpg]
[centrodecancerhn.org/historia/index.html]
[centrodecancerhn.org/blog/index.html]
[centrodecancerhn.org/voluntarios/index.html]
[centrodecancerhn.org/wp-content/uploads/2020/03/Mensaje_Mesa-de-trabajo-1-scaled.jpg]
[centrodecancerhn.org/donar-en-bancos/index.html]
[centrodecancerhn.org/contactenos/index.html]
[centrodecancerhn.org/wp-content/uploads/2020/03/3-03-scaled.jpg]
[centrodecancerhn.org/wp-content/uploads/2019/03/hermila-cancer-de-mama-testimonios-300x260.jpg]
[centrodecancerhn.org/wp-content/uploads/2020/06/Doctores-768x376.png]
[centrodecancerhn.org/wp-content/uploads/2019/02/Imagen-1-1024x537.png]
[centrodecancerhn.org/wp-content/uploads/2019/03/involucrarse-1024x540.jpg]
[centrodecancerhn.org/wp-content/uploads/2019/04/1.png]
[centrodecancerhn.org/wp-content/uploads/2019/04/2.png]
[centrodecancerhn.org/wp-content/uploads/2019/04/3.png]
[centrodecancerhn.org/wp-content/uploads/2019/04/4.png]
[centrodecancerhn.org/wp-content/uploads/2019/04/5.png]
[centrodecancerhn.org/wp-content/uploads/2019/03/IMG_1436-1-1024x683.jpg]
[centrodecancerhn.org/wp-content/uploads/2019/03/voluntarios_3953-768x391.jpg]
[centrodecancerhn.org/wp-content/uploads/2019/03/Diseño-sin-título-23-300x165.png]
[centrodecancerhn.org/wp-content/uploads/2019/03/Gabriela-Carvajal2c-Flora-Calix2c-Fabricio-Ochoa-y-Ermila-Baca-990x660-1-300x200.jpg]
[centrodecancerhn.org/wp-content/uploads/2019/02/Que-es-el-cancer-de-mama-300x169.jpg]
[centrodecancerhn.org/wp-content/uploads/2018/12/12-Sintomas-para-detectat-el-cancer-de-mama-300x149.jpg]
[centrodecancerhn.org/wp-content/plugins/elementor/assets/lib/animations/animations.min2f56.css]
[centrodecancerhn.org/testimonios/luchadora-del-cancer-admire-mis-senos-en-el-espejo-por-ultima-vez-y-llore/index.html]
[centrodecancerhn.org/wp-content/plugins/revslider/public/assets/css/rs6f7b3.css]
[centrodecancerhn.org/educacion-y-prevencion/signos-y-sintomas-del-cancer/index.html]
[centrodecancerhn.org/wp-content/plugins/happy-elementor-addons/assets/js/happy-addons.min7e2e.js]
[centrodecancerhn.org/wp-content/plugins/elementor-pro/assets/lib/smartmenus/jquery.smartmenus.minf269.js]
[centrodecancerhn.org/empresa-que-ayudaron/porque-juntos-somos-mas-mazola-apoya-la-lucha-contra-el-cancer-de-mama/index.html]
[centrodecancerhn.org/wp-content/plugins/happy-elementor-addons/assets/vendor/anime/lib/anime.min7e2e.js]
[centrodecancerhn.org/wp-includes/js/imagesloaded.minbb93.js]
[centrodecancerhn.org/educacion-y-prevencion/que-es-el-cancer-de-mama/index.html]
[centrodecancerhn.org/wp-content/plugins/elementor-pro/assets/js/webpack-pro.runtime.min2f56.js]
[centrodecancerhn.org/medicina/como-prevenir-el-cancer-de-mama/index.html]
[centrodecancerhn.org/wp-content/plugins/elementor/assets/js/webpack.runtime.min2f56.js]
[centrodecancerhn.org/wp-content/plugins/elementor/assets/js/frontend-modules.min2f56.js]
[centrodecancerhn.org/wp-includes/js/dist/hooks.min4fdd.js]
[centrodecancerhn.org/wp-includes/js/dist/i18n.minc33c.js]
[centrodecancerhn.org/wp-content/plugins/elementor-pro/assets/js/frontend.min2f56.js]
[centrodecancerhn.org/wp-content/plugins/elementor/assets/lib/waypoints/waypoints.min05da.js]
[centrodecancerhn.org/wp-includes/js/jquery/ui/core.minb37e.js]
[centrodecancerhn.org/wp-content/plugins/elementor/assets/lib/swiper/swiper.min48f5.js]
[centrodecancerhn.org/wp-content/plugins/elementor/assets/lib/share-link/share-link.min2f56.js]
[centrodecancerhn.org/wp-content/plugins/elementor/assets/lib/dialog/dialog.mind227.js]
[centrodecancerhn.org/wp-content/plugins/elementor/assets/js/frontend.min2f56.js]
[centrodecancerhn.org/wp-content/plugins/elementor-pro/assets/js/preloaded-elements-handlers.min2f56.js]
[centrodecancerhn.org/wp-content/plugins/elementor/assets/js/preloaded-modules.min2f56.js]
[centrodecancerhn.org/index.html]
[centrodecancerhn.org/wp-includes/css/dist/block-library/style.mind1c0.css]
[centrodecancerhn.org/wp-content/themes/hello-elementor/style.min9b70.css]
[centrodecancerhn.org/wp-content/themes/hello-elementor/theme.min9b70.css]
[centrodecancerhn.org/wp-content/themes/hello-elementor/header-footer.min9b70.css]
[centrodecancerhn.org/wp-content/plugins/elementor-pro/assets/lib/sticky/jquery.sticky.min2f56.js]
[centrodecancerhn.org/wp-content/plugins/elementor/assets/lib/eicons/fonts/eicons1ecc.eot]
[centrodecancerhn.org/wp-content/plugins/elementor/assets/lib/eicons/fonts/eicons1ecc.woff2]
[centrodecancerhn.org/wp-content/plugins/elementor/assets/lib/eicons/fonts/eicons1ecc.woff]
[centrodecancerhn.org/wp-content/plugins/elementor/assets/lib/eicons/fonts/eicons1ecc.ttf]
[centrodecancerhn.org/wp-content/plugins/elementor/assets/lib/eicons/css/elementor-icons.mine127.css]
[centrodecancerhn.org/wp-content/plugins/elementor/assets/css/frontend-legacy.min2f56.css]
[centrodecancerhn.org/wp-content/plugins/elementor/assets/css/frontend.min2f56.css]
[centrodecancerhn.org/wp-content/uploads/elementor/css/post-1930cb17.css]
[centrodecancerhn.org/wp-content/plugins/elementor-pro/assets/css/frontend.min2f56.css]
[centrodecancerhn.org/wp-content/plugins/elementor/assets/lib/font-awesome/webfonts/fa-brands-400.eot]
[centrodecancerhn.org/wp-content/plugins/elementor/assets/lib/font-awesome/webfonts/fa-brands-400d41d.eot]
[centrodecancerhn.org/wp-content/plugins/elementor/assets/lib/font-awesome/webfonts/fa-brands-400.woff2]
[centrodecancerhn.org/wp-content/plugins/elementor/assets/lib/font-awesome/webfonts/fa-brands-400.woff]
[centrodecancerhn.org/wp-content/plugins/elementor/assets/lib/font-awesome/webfonts/fa-brands-400.ttf]
[centrodecancerhn.org/wp-content/plugins/elementor/assets/lib/font-awesome/webfonts/fa-regular-400.eot]
[centrodecancerhn.org/wp-content/plugins/elementor/assets/lib/font-awesome/webfonts/fa-regular-400d41d.eot]
[centrodecancerhn.org/wp-content/plugins/elementor/assets/lib/font-awesome/webfonts/fa-regular-400.woff2]
[centrodecancerhn.org/wp-content/plugins/elementor/assets/lib/font-awesome/webfonts/fa-regular-400.woff]
[centrodecancerhn.org/wp-content/plugins/elementor/assets/lib/font-awesome/webfonts/fa-regular-400.ttf]
[centrodecancerhn.org/wp-content/plugins/elementor/assets/lib/font-awesome/webfonts/fa-solid-900.eot]
[centrodecancerhn.org/wp-content/plugins/elementor/assets/lib/font-awesome/webfonts/fa-solid-900d41d.eot]
[centrodecancerhn.org/wp-content/plugins/elementor/assets/lib/font-awesome/webfonts/fa-solid-900.woff2]
[centrodecancerhn.org/wp-content/plugins/elementor/assets/lib/font-awesome/webfonts/fa-solid-900.woff]
[centrodecancerhn.org/wp-content/plugins/elementor/assets/lib/font-awesome/webfonts/fa-solid-900.ttf]
[centrodecancerhn.org/wp-content/plugins/elementor/assets/lib/font-awesome/css/all.min2f56.css]
[centrodecancerhn.org/wp-content/plugins/elementor/assets/lib/font-awesome/css/v4-shims.min2f56.css]
[centrodecancerhn.org/wp-content/uploads/elementor/css/global5631.css]
[centrodecancerhn.org/wp-content/uploads/2020/06/Doctores.png]
[centrodecancerhn.org/wp-content/uploads/elementor/css/post-400d185.css]
[centrodecancerhn.org/wp-content/uploads/elementor/css/post-20555f1a.css]
[centrodecancerhn.org/wp-content/plugins/happy-elementor-addons/assets/fonts/happy-icons.woff2]
[centrodecancerhn.org/wp-content/plugins/happy-elementor-addons/assets/fonts/happy-icons.woff]
[centrodecancerhn.org/wp-content/plugins/happy-elementor-addons/assets/fonts/style.min7e2e.css]
[centrodecancerhn.org/wp-content/plugins/elementor/assets/lib/font-awesome/fonts/fontawesome-webfont3e6e.eot]
[centrodecancerhn.org/wp-content/plugins/elementor/assets/lib/font-awesome/fonts/fontawesome-webfontd41d.eot]
[centrodecancerhn.org/wp-content/plugins/elementor/assets/lib/font-awesome/fonts/fontawesome-webfont3e6e.woff2]
[centrodecancerhn.org/wp-content/plugins/elementor/assets/lib/font-awesome/fonts/fontawesome-webfont3e6e.woff]
[centrodecancerhn.org/wp-content/plugins/elementor/assets/lib/font-awesome/fonts/fontawesome-webfont3e6e.ttf]
[centrodecancerhn.org/wp-content/plugins/elementor/assets/lib/font-awesome/css/font-awesome.min1849.css]
[centrodecancerhn.org/wp-content/uploads/elementor/css/post-2069f6d1.css]
[centrodecancerhn.org/wp-content/plugins/elementor/assets/lib/font-awesome/css/fontawesome.min52d5.css]
[centrodecancerhn.org/wp-content/plugins/elementor/assets/lib/font-awesome/css/solid.min52d5.css]
[centrodecancerhn.org/wp-content/plugins/elementor/assets/lib/font-awesome/css/brands.min52d5.css]
[centrodecancerhn.org/wp-content/uploads/elementor/css/post-1337ef6b.css]
[centrodecancerhn.org/wp-json/wp/v2/pages/1337.json]
[centrodecancerhn.org/wp-json/oembed/1.0/embedd416.json]
[centrodecancerhn.org/wp-json/oembed/1.0/embed3baa]
[centrodecancerhn.org/wp-content/uploads/2019/04/Imagen6.png]
[centrodecancerhn.org/wp-content/uploads/2019/04/Imagen7.png]
[centrodecancerhn.org/wp-content/uploads/2019/04/Imagen2.png]
[centrodecancerhn.org/wp-content/uploads/2019/04/Imagen-4.png]
[centrodecancerhn.org/wp-content/uploads/2019/04/Imagen-1.png]
[centrodecancerhn.org/wp-content/uploads/2019/04/Imagen-.png]
[centrodecancerhn.org/wp-content/uploads/2019/02/Diseño-sin-título-3.png]
[centrodecancerhn.org/wp-content/uploads/2019/02/Diseño-sin-título-5.png]
[centrodecancerhn.org/relevo-por-la-vida/index.html]
[centrodecancerhn.org/wp-content/uploads/elementor/css/post-1431fc.css]
[centrodecancerhn.org/wp-json/wp/v2/pages/14.json]
[centrodecancerhn.org/wp-json/oembed/1.0/embede96e.json]
[centrodecancerhn.org/wp-json/oembed/1.0/embed9715]
[centrodecancerhn.org/wp-content/uploads/2019/02/Imagenrrrr-1-300x228.png]
[centrodecancerhn.org/wp-content/uploads/2019/03/Diseño-sin-título-18.png]
[centrodecancerhn.org/wp-content/uploads/2019/03/Diseño-sin-título-19.png]
[centrodecancerhn.org/hazte-voluntario/index.html]
[centrodecancerhn.org/wp-content/uploads/elementor/css/post-132731fc.css]
[centrodecancerhn.org/wp-json/wp/v2/pages/1327.json]
[centrodecancerhn.org/wp-json/oembed/1.0/embedca7b.json]
[centrodecancerhn.org/wp-json/oembed/1.0/embed34c1]
[centrodecancerhn.org/wp-content/uploads/2019/02/Diseño-sin-título-4.png]
[centrodecancerhn.org/donar-en-bancos/index.html]
[centrodecancerhn.org/wp-content/uploads/elementor/css/post-139262b9.css]
[centrodecancerhn.org/wp-json/wp/v2/pages/1392.json]
[centrodecancerhn.org/wp-json/oembed/1.0/embedf7de.json]
[centrodecancerhn.org/wp-json/oembed/1.0/embed44d7]
[centrodecancerhn.org/wp-content/uploads/2019/03/1.png]
[centrodecancerhn.org/wp-content/uploads/2019/03/2.png]
[centrodecancerhn.org/wp-content/uploads/2019/03/3.png]
[centrodecancerhn.org/wp-content/uploads/2019/03/4.png]
[centrodecancerhn.org/wp-content/uploads/2019/03/5.png]
[centrodecancerhn.org/wp-content/uploads/2019/03/6.png]
[centrodecancerhn.org/wp-content/uploads/2019/03/7.png]
[centrodecancerhn.org/wp-content/uploads/2019/03/8.png]
[centrodecancerhn.org/wp-content/uploads/2019/03/9.png]
[centrodecancerhn.org/wp-content/uploads/2019/03/10.png]
[centrodecancerhn.org/wp-content/uploads/2019/03/11.png]
[centrodecancerhn.org/wp-content/uploads/2019/03/12.png]
[centrodecancerhn.org/wp-content/uploads/2019/03/13.png]
[centrodecancerhn.org/wp-content/uploads/2019/03/14.png]
[centrodecancerhn.org/wp-content/uploads/2019/03/15.png]
[centrodecancerhn.org/wp-content/uploads/2019/03/16.png]
[centrodecancerhn.org/wp-content/uploads/2019/03/17.png]
[centrodecancerhn.org/wp-content/uploads/2019/03/18.png]
[centrodecancerhn.org/wp-content/uploads/2019/03/19.png]
[centrodecancerhn.org/wp-content/uploads/2019/03/20.png]
[centrodecancerhn.org/wp-content/uploads/2019/03/21.png]
[centrodecancerhn.org/wp-content/uploads/2019/03/22.png]
[centrodecancerhn.org/wp-content/uploads/2019/03/23.png]
[centrodecancerhn.org/wp-content/uploads/2019/03/24.png]
[centrodecancerhn.org/wp-content/uploads/2019/03/25.png]
[centrodecancerhn.org/wp-content/uploads/2019/03/26.png]
[centrodecancerhn.org/wp-content/uploads/2019/03/27.png]
[centrodecancerhn.org/wp-content/uploads/2019/03/28.png]
[centrodecancerhn.org/wp-content/uploads/2019/03/29.png]
[centrodecancerhn.org/wp-content/uploads/2019/03/30.png]
[centrodecancerhn.org/empresas-que-ayudaron/index.html]
[centrodecancerhn.org/wp-json/wp/v2/pages/1821.json]
[centrodecancerhn.org/wp-json/oembed/1.0/embed6cc3.json]
[centrodecancerhn.org/wp-json/oembed/1.0/embedbe64]
[centrodecancerhn.org/junta-directiva-ahlcancer/index.html]
[centrodecancerhn.org/wp-content/uploads/elementor/css/post-11d5e8.css]
[centrodecancerhn.org/wp-json/wp/v2/pages/11.json]
[centrodecancerhn.org/wp-json/oembed/1.0/embede05d.json]
[centrodecancerhn.org/wp-json/oembed/1.0/embed9028]
[centrodecancerhn.org/acerca-de/index.html]
[centrodecancerhn.org/wp-content/uploads/elementor/css/post-14045f3e.css]
[centrodecancerhn.org/wp-json/wp/v2/pages/1404.json]
[centrodecancerhn.org/wp-json/oembed/1.0/embede12e.json]
[centrodecancerhn.org/wp-json/oembed/1.0/embedb678]
[centrodecancerhn.org/wp-content/uploads/2019/03/CCERC-2-300x226.jpg]
[centrodecancerhn.org/wp-content/uploads/2019/03/CCERC-248x300.jpg]
[centrodecancerhn.org/wp-content/uploads/2019/03/CCERC-3.jpg]
[centrodecancerhn.org/wp-content/uploads/2019/03/CCERC-3-300x255.jpg]
[centrodecancerhn.org/wp-content/uploads/2019/03/CCERC-5.jpg]
[centrodecancerhn.org/wp-content/uploads/2019/03/CCERC-5-300x215.jpg]
[centrodecancerhn.org/wp-content/uploads/2019/03/CCERC-4.jpg]
[centrodecancerhn.org/wp-content/uploads/2019/03/CCERC-4-300x251.jpg]
[centrodecancerhn.org/wp-content/uploads/2019/03/CCERC-6.jpg]
[centrodecancerhn.org/wp-content/uploads/2019/03/CCERC-6-300x225.jpg]
[centrodecancerhn.org/wp-content/uploads/2019/03/CCERC-7.jpg]
[centrodecancerhn.org/wp-content/uploads/2019/03/CCERC-7-300x225.jpg]
[centrodecancerhn.org/wp-content/uploads/2019/03/CCERC-8.jpg]
[centrodecancerhn.org/wp-content/uploads/2019/03/CCERC-8-300x225.jpg]
[centrodecancerhn.org/wp-content/uploads/2019/03/CCERC-9.jpg]
[centrodecancerhn.org/wp-content/uploads/2019/03/CCERC-9-300x225.jpg]
[centrodecancerhn.org/wp-content/uploads/2019/03/CCERC-11.jpg]
[centrodecancerhn.org/wp-content/uploads/2019/03/CCERC-11-300x226.jpg]
[centrodecancerhn.org/wp-content/uploads/2019/03/CCERC-10.jpg]
[centrodecancerhn.org/wp-content/uploads/2019/03/CCERC-10-300x214.jpg]
[centrodecancerhn.org/wp-content/uploads/2019/03/CCERC-13.jpg]
[centrodecancerhn.org/wp-content/uploads/2019/03/CCERC-13-194x300.jpg]
[centrodecancerhn.org/wp-content/uploads/2019/03/CCERC-14.jpg]
[centrodecancerhn.org/wp-content/uploads/2019/03/CCERC-14-194x300.jpg]
[centrodecancerhn.org/wp-content/uploads/2019/03/CCERC-17.jpg]
[centrodecancerhn.org/wp-content/uploads/2019/03/CCERC-17-197x300.jpg]
[centrodecancerhn.org/wp-content/uploads/2019/03/CCERC-12.jpg]
[centrodecancerhn.org/wp-content/uploads/2019/03/CCERC-12-197x300.jpg]
[centrodecancerhn.org/wp-content/uploads/2019/03/CCERC-15.jpg]
[centrodecancerhn.org/wp-content/uploads/2019/03/CCERC-15-191x300.jpg]
[centrodecancerhn.org/wp-content/uploads/2019/03/CCERC-16.jpg]
[centrodecancerhn.org/wp-content/uploads/2019/03/CCERC-16-300x197.jpg]
[centrodecancerhn.org/wp-content/uploads/2019/03/CCERC-18.jpg]
[centrodecancerhn.org/wp-content/uploads/2019/03/CCERC-18-300x169.jpg]
[centrodecancerhn.org/wp-content/uploads/2019/03/CCERC-19.jpg]
[centrodecancerhn.org/wp-content/uploads/2019/03/CCERC-19-300x228.jpg]
[centrodecancerhn.org/wp-content/uploads/2019/03/CCERC-20.jpg]
[centrodecancerhn.org/wp-content/uploads/2019/03/CCERC-20-300x268.jpg]
[centrodecancerhn.org/wp-content/uploads/2019/03/CCERC-21.jpg]
[centrodecancerhn.org/wp-content/uploads/2019/03/CCERC-21-300x225.jpg]
[centrodecancerhn.org/wp-content/uploads/2019/03/Roberto-reina-.png]
[centrodecancerhn.org/wp-content/uploads/2019/03/Roberto-reina--300x204.png]
[centrodecancerhn.org/wp-content/uploads/2019/03/CCERC-22.jpg]
[centrodecancerhn.org/wp-content/uploads/2019/03/CCERC-22-300x233.jpg]
[centrodecancerhn.org/wp-content/uploads/2019/03/CCERC-23.jpg]
[centrodecancerhn.org/wp-content/uploads/2019/03/CCERC-23-300x225.jpg]
[centrodecancerhn.org/wp-content/uploads/2019/03/CCERC-24.jpg]
[centrodecancerhn.org/wp-content/uploads/2019/03/CCERC-24-300x219.jpg]
[centrodecancerhn.org/wp-content/uploads/2019/03/CCERC-25.jpg]
[centrodecancerhn.org/wp-content/uploads/2019/03/CCERC-25-300x209.jpg]
[centrodecancerhn.org/wp-content/uploads/2019/03/CCERC-26.jpg]
[centrodecancerhn.org/wp-content/uploads/2019/03/CCERC-26-300x243.jpg]
[centrodecancerhn.org/wp-content/uploads/2019/03/CCERC-27-300x213.jpg]
[centrodecancerhn.org/wp-content/uploads/2019/03/CCERC-28.jpg]
[centrodecancerhn.org/wp-content/uploads/2019/03/CCERC-28-300x226.jpg]
[centrodecancerhn.org/wp-content/uploads/2019/03/CCERC-29.jpg]
[centrodecancerhn.org/wp-content/uploads/2019/03/CCERC-29-300x226.jpg]
[centrodecancerhn.org/wp-content/uploads/2019/03/CCERC-30.jpg]
[centrodecancerhn.org/wp-content/uploads/2019/03/CCERC-30-300x242.jpg]
[centrodecancerhn.org/wp-content/uploads/2019/03/CCERC-31.jpg]
[centrodecancerhn.org/wp-content/uploads/2019/03/CCERC-31-300x225.jpg]
[centrodecancerhn.org/wp-content/uploads/2019/03/CCERC-32.jpg]
[centrodecancerhn.org/wp-content/uploads/2019/03/CCERC-32-274x300.jpg]
[centrodecancerhn.org/wp-content/uploads/2019/03/CCERC-33.jpg]
[centrodecancerhn.org/wp-content/uploads/2019/03/CCERC-33-300x226.jpg]
[centrodecancerhn.org/wp-content/uploads/2019/03/CCERC-34.jpg]
[centrodecancerhn.org/wp-content/uploads/2019/03/CCERC-34-300x191.jpg]
[centrodecancerhn.org/wp-content/uploads/2019/03/CCERC-41.jpg]
[centrodecancerhn.org/wp-content/uploads/2019/03/CCERC-41-300x200.jpg]
[centrodecancerhn.org/wp-content/uploads/2019/03/CCERC-42.jpg]
[centrodecancerhn.org/wp-content/uploads/2019/03/CCERC-42-300x202.jpg]
[centrodecancerhn.org/wp-content/uploads/2019/03/CCERC-43.jpg]
[centrodecancerhn.org/wp-content/uploads/2019/03/CCERC-43-300x194.jpg]
[centrodecancerhn.org/wp-content/uploads/2019/03/CCERC-39.jpg]
[centrodecancerhn.org/wp-content/uploads/2019/03/CCERC-39-300x187.jpg]
[centrodecancerhn.org/wp-content/uploads/2019/03/CCERC-44.jpg]
[centrodecancerhn.org/wp-content/uploads/2019/03/CCERC-44-300x198.jpg]
[centrodecancerhn.org/wp-content/uploads/2019/03/CCERC-45.jpg]
[centrodecancerhn.org/wp-content/uploads/2019/03/CCERC-45-300x198.jpg]
[centrodecancerhn.org/wp-content/uploads/2019/03/CCERC-46.jpg]
[centrodecancerhn.org/wp-content/uploads/2019/03/CCERC-46-300x197.jpg]
[centrodecancerhn.org/wp-content/uploads/2019/03/CCERC-47.jpg]
[centrodecancerhn.org/wp-content/uploads/2019/03/CCERC-47-300x198.jpg]
[centrodecancerhn.org/wp-content/uploads/2019/03/CCERC-48.jpg]
[centrodecancerhn.org/wp-content/uploads/2019/03/CCERC-48-300x200.jpg]
[centrodecancerhn.org/wp-content/uploads/2019/03/CCERC-49.jpg]
[centrodecancerhn.org/wp-content/uploads/2019/03/CCERC-49-300x182.jpg]
[centrodecancerhn.org/wp-content/uploads/2019/03/CCERC-50.jpg]
[centrodecancerhn.org/wp-content/uploads/2019/03/CCERC-50-300x192.jpg]
[centrodecancerhn.org/wp-content/uploads/2019/03/CCERC-51.jpg]
[centrodecancerhn.org/wp-content/uploads/2019/03/CCERC-51-300x171.jpg]
[centrodecancerhn.org/wp-content/uploads/2019/03/CCERC-52.jpg]
[centrodecancerhn.org/wp-content/uploads/2019/03/CCERC-52-300x198.jpg]
[centrodecancerhn.org/wp-content/uploads/2019/03/PSA-RIFADOS-EN-LA-REUNION-DE-CA-PROSTATA-DEL-IMPREMA.jpg]
[centrodecancerhn.org/wp-content/uploads/2019/03/PSA-RIFADOS-EN-LA-REUNION-DE-CA-PROSTATA-DEL-IMPREMA-300x225.jpg]
[centrodecancerhn.org/wp-content/uploads/2019/03/Cancer-de-cervix.png]
[centrodecancerhn.org/wp-content/uploads/2019/03/Cancer-de-cervix-300x225.png]
[centrodecancerhn.org/wp-content/uploads/2019/03/cervix.png]
[centrodecancerhn.org/wp-content/uploads/2019/03/cervix-225x300.png]
[centrodecancerhn.org/wp-content/uploads/2019/03/cervix1.png]
[centrodecancerhn.org/wp-content/uploads/2019/03/cervix1-300x176.png]
[centrodecancerhn.org/wp-content/uploads/2019/03/Organización-de-Primer-Grupo-de-Apoyo-de-sobrevivientes-Cáncer-de-Mama.-1995-.png]
[centrodecancerhn.org/wp-content/uploads/2019/03/Organización-de-Primer-Grupo-de-Apoyo-de-sobrevivientes-Cáncer-de-Mama.-1995--300x198.png]
[centrodecancerhn.org/wp-content/uploads/2019/03/Estableciendo-Convenios-con-la-UNAH-.png]
[centrodecancerhn.org/wp-content/uploads/2019/03/Estableciendo-Convenios-con-la-UNAH--300x208.png]
[centrodecancerhn.org/wp-content/uploads/2019/03/Reconocimiento-Dr.-Antonio-Barrios.-University-Tulane-.png]
[centrodecancerhn.org/wp-content/uploads/2019/03/Reconocimiento-Dr.-Antonio-Barrios.-University-Tulane--300x204.png]
[centrodecancerhn.org/wp-content/uploads/2019/03/CCERC-1.jpg]
[centrodecancerhn.org/wp-content/uploads/2019/03/CCERC-1-300x224.jpg]
[centrodecancerhn.org/wp-content/uploads/2019/03/CCERC-2-1.jpg]
[centrodecancerhn.org/wp-content/uploads/2019/03/CCERC-2-1-300x224.jpg]
[centrodecancerhn.org/wp-content/uploads/2019/03/CCERC-3-1.jpg]
[centrodecancerhn.org/wp-content/uploads/2019/03/CCERC-3-1-300x225.jpg]
[centrodecancerhn.org/wp-content/uploads/2019/03/CCERC-4-1.jpg]
[centrodecancerhn.org/wp-content/uploads/2019/03/CCERC-4-1-300x224.jpg]
[centrodecancerhn.org/wp-content/uploads/2019/03/CCERC-5-1.jpg]
[centrodecancerhn.org/wp-content/uploads/2019/03/CCERC-5-1-300x224.jpg]
[centrodecancerhn.org/wp-content/uploads/2019/03/CCERC-6-1.jpg]
[centrodecancerhn.org/wp-content/uploads/2019/03/CCERC-6-1-300x224.jpg]
[centrodecancerhn.org/wp-content/uploads/2019/03/c8.jpg]
[centrodecancerhn.org/wp-content/uploads/2019/03/c8-300x224.jpg]
[centrodecancerhn.org/historia/index.html]
[centrodecancerhn.org/wp-content/uploads/2019/03/hermila-cancer-de-mama-testimonios.jpg]
[centrodecancerhn.org/wp-content/uploads/2019/03/Diseño-sin-título-23.png]
[centrodecancerhn.org/wp-content/uploads/2019/03/Gabriela-Carvajal2c-Flora-Calix2c-Fabricio-Ochoa-y-Ermila-Baca-990x660-1.jpg]
[centrodecancerhn.org/wp-content/uploads/2019/02/Que-es-el-cancer-de-mama.jpg]
[centrodecancerhn.org/wp-content/uploads/2018/12/12-Sintomas-para-detectat-el-cancer-de-mama-1024x507.jpg]
[centrodecancerhn.org/blog/index.html]
[centrodecancerhn.org/wp-json/wp/v2/pages/1827.json]
[centrodecancerhn.org/wp-json/oembed/1.0/embed7450.json]
[centrodecancerhn.org/wp-json/oembed/1.0/embedd185]
[centrodecancerhn.org/voluntarios/index.html]
[centrodecancerhn.org/wp-content/uploads/elementor/css/post-569465f.css]
[centrodecancerhn.org/wp-json/wp/v2/pages/569.json]
[centrodecancerhn.org/wp-json/oembed/1.0/embed69ce.json]
[centrodecancerhn.org/wp-json/oembed/1.0/embed0d5e]
[centrodecancerhn.org/contactenos/index.html]
[centrodecancerhn.org/uncategorized/luchadora-del-cancer-admire-mis-senos-en-el-espejo-por-ultima-vez-y-llore/index.html]
[centrodecancerhn.org/testimonios/luchadora-del-cancer-admire-mis-senos-en-el-espejo-por-ultima-vez-y-llore/feed/index.html]
[centrodecancerhn.org/wp-json/wp/v2/posts/1598.json]
[centrodecancerhn.org/wp-json/oembed/1.0/embedc1bf.json]
[centrodecancerhn.org/wp-json/oembed/1.0/embed20cf]
[centrodecancerhn.org/wp-content/uploads/2019/03/hermila-cancer-de-mama-radiohouse-10-768x512.jpg]
[centrodecancerhn.org/wp-content/uploads/2019/03/hermila-cancer-de-mamadsg-768x512.jpg]
[centrodecancerhn.org/wp-content/uploads/2019/03/hermila-cancer-de-mama-radiohouse-8-768x512.jpg]
[centrodecancerhn.org/testimonios/luchadora-del-cancer-admire-mis-senos-en-el-espejo-por-ultima-vez-y-llore/index.html]
[centrodecancerhn.org/wp-includes/js/comment-reply.mind1c0.js]
[centrodecancerhn.org/wp-content/uploads/elementor/css/post-157714f2.css]
[centrodecancerhn.org/educacion-y-prevencion/signos-y-sintomas-del-cancer/feed/index.html]
[centrodecancerhn.org/wp-json/wp/v2/posts/1577.json]
[centrodecancerhn.org/wp-json/oembed/1.0/embed4767.json]
[centrodecancerhn.org/wp-json/oembed/1.0/embedd6e6]
[centrodecancerhn.org/wp-content/uploads/2019/03/Diseño-sin-título-20.png]
[centrodecancerhn.org/wp-content/uploads/2019/03/Diseño-sin-título-21.png]
[centrodecancerhn.org/wp-content/uploads/2019/03/Diseño-sin-título-22.png]
[centrodecancerhn.org/educacion-y-prevencion/signos-y-sintomas-del-cancer/index.html]
[centrodecancerhn.org/wp-json/wp/v2/posts/1383.json]
[centrodecancerhn.org/empresa-que-ayudaron/porque-juntos-somos-mas-mazola-apoya-la-lucha-contra-el-cancer-de-mama/feed/index.html]
[centrodecancerhn.org/wp-json/oembed/1.0/embedafd4.json]
[centrodecancerhn.org/wp-json/oembed/1.0/embed4663]
[centrodecancerhn.org/empresa-que-ayudaron/porque-juntos-somos-mas-mazola-apoya-la-lucha-contra-el-cancer-de-mama/index.html]
[centrodecancerhn.org/wp-json/wp/v2/posts/239.json]
[centrodecancerhn.org/educacion-y-prevencion/que-es-el-cancer-de-mama/feed/index.html]
[centrodecancerhn.org/wp-json/oembed/1.0/embedd2a6.json]
[centrodecancerhn.org/wp-json/oembed/1.0/embed9d96]
[centrodecancerhn.org/wp-content/uploads/2019/02/Cancer-de-Mama.jpg]
[centrodecancerhn.org/wp-content/uploads/2019/02/Cancer-de-Mama-lateral.jpg]
[centrodecancerhn.org/educacion-y-prevencion/que-es-el-cancer-de-mama/index.html]
[centrodecancerhn.org/wp-json/wp/v2/posts/241.json]
[centrodecancerhn.org/wp-json/oembed/1.0/embed4a63.json]
[centrodecancerhn.org/medicina/como-prevenir-el-cancer-de-mama/feed/index.html]
[centrodecancerhn.org/wp-json/oembed/1.0/embed636e]
[centrodecancerhn.org/wp-content/uploads/2018/12/12-Sintomas-para-detectat-el-cancer-de-mama.jpg]
[centrodecancerhn.org/medicina/como-prevenir-el-cancer-de-mama/index.html]
[centrodecancerhn.org/wp-content/plugins/elementor/assets/lib/animations/animations.min2f56.css]
[centrodecancerhn.org/wp-content/plugins/revslider/public/assets/fonts/revicons/revicons90c6.eot]
[centrodecancerhn.org/wp-content/plugins/revslider/public/assets/fonts/revicons/revicons90c6.woff]
[centrodecancerhn.org/wp-content/plugins/revslider/public/assets/fonts/revicons/revicons90c6.ttf]
[centrodecancerhn.org/wp-content/plugins/revslider/public/assets/assets/gridtile.png]
[centrodecancerhn.org/wp-content/plugins/revslider/public/assets/assets/gridtile_white.png]
[centrodecancerhn.org/wp-content/plugins/revslider/public/assets/assets/gridtile_3x3.png]
[centrodecancerhn.org/wp-content/plugins/revslider/public/assets/assets/gridtile_3x3_white.png]
[centrodecancerhn.org/wp-content/plugins/revslider/public/assets/assets/coloredbg.png]
[centrodecancerhn.org/wp-content/plugins/revslider/public/assets/assets/loader.gif]
[centrodecancerhn.org/wp-content/plugins/revslider/public/assets/css/rs6f7b3.css]
[centrodecancerhn.org/wp-content/plugins/elementor/assets/lib/eicons/fonts/eicons1ecc.svg]
[centrodecancerhn.org/wp-content/plugins/elementor/assets/lib/font-awesome/webfonts/fa-brands-400.svg]
[centrodecancerhn.org/wp-content/plugins/elementor/assets/lib/font-awesome/webfonts/fa-regular-400.svg]
[centrodecancerhn.org/wp-content/plugins/elementor/assets/lib/font-awesome/webfonts/fa-solid-900.svg]
[centrodecancerhn.org/wp-content/plugins/happy-elementor-addons/assets/fonts/happy-icons.svg]
[centrodecancerhn.org/wp-content/plugins/elementor/assets/lib/font-awesome/fonts/fontawesome-webfont3e6e.svg]
[centrodecancerhn.org/wp-content/uploads/elementor/css/post-1337ef6b.css]
[centrodecancerhn.org/indexcfab.html]
[centrodecancerhn.org/wp-content/uploads/2019/04/DisenÌo-sin-tiÌtulo.png]
[centrodecancerhn.org/wp-content/uploads/elementor/css/post-1431fc.css]
[centrodecancerhn.org/index0b69.html]
[centrodecancerhn.org/wp-content/uploads/elementor/css/post-132731fc.css]
[centrodecancerhn.org/index164e.html]
[centrodecancerhn.org/wp-content/uploads/elementor/css/post-139262b9.css]
[centrodecancerhn.org/indexd486.html]
[centrodecancerhn.org/index2591.html]
[centrodecancerhn.org/wp-content/uploads/elementor/css/post-11d5e8.css]
[centrodecancerhn.org/index5757.html]
[centrodecancerhn.org/wp-content/uploads/elementor/css/post-14045f3e.css]
[centrodecancerhn.org/indexc64e.html]
[centrodecancerhn.org/index72ff.html]
[centrodecancerhn.org/wp-content/uploads/elementor/css/post-569465f.css]
[centrodecancerhn.org/index475a.html]
[centrodecancerhn.org/index1c3e.html]
[centrodecancerhn.org/wp-content/uploads/elementor/css/post-157714f2.css]
[centrodecancerhn.org/index99a6.html]
[centrodecancerhn.org/index59cd.html]
[centrodecancerhn.org/index1639.html]
[centrodecancerhn.org/index03e1.html]
[centrodecancerhn.org/wp-content/plugins/revslider/public/assets/fonts/revicons/revicons90c6.svg]
[centrodecancerhn.org/wp-content/plugins/revslider/public/assets/css/openhand.html]
[centrodecancerhn.org/wp-content/plugins/revslider/public/assets/css/closedhand.html]
[centrodecancerhn.org/wp-content/uploads/2019/04/DisenÌo-sin-tiÌtulo.html]
